[     708ms] [INFO] You like to look under the hood? Why not help us build the engine? https://soundcloud.com/jobs @ https://a-v2.sndcdn.com/assets/55-39063a42.js:40
[     903ms] [WARNING] [GPT] PubAdsService.disableInitialLoad is deprecated, use googletag.setConfig({disableInitialLoad: ...}) instead.
https://goo.gle/gpt-message#170 @ https://a-v2.sndcdn.com/assets/55-39063a42.js:107
[     941ms] [LOG] prebid-load.js loaded successfully. @ https://a-v2.sndcdn.com/assets/55-39063a42.js:107
[    1237ms] [LOG] %craven%c Raven v1.20.1-68jalx background-color:#000;margin-left:1px;padding:1px 3px;font-size:0.75em;color:#ffffff; font-size:0.9em; @ https://a-v2.sndcdn.com/assets/55-39063a42.js:107
[    1486ms] [WARNING] [GPT] Slot.getTargetingKeys is deprecated, use Slot.getConfig('targeting') instead.
https://goo.gle/gpt-message#201 @ https://a-v2.sndcdn.com/assets/55-39063a42.js:107
[    2087ms] [WARNING] Error with Feature-Policy header: Unrecognized origin: 'none'. @ :0
[    2087ms] [WARNING] Error with Feature-Policy header: Unrecognized feature: 'ambient-light-sensor'. @ :0
[    2087ms] [WARNING] Error with Feature-Policy header: Unrecognized origin: 'none'. @ :0
[    2087ms] [WARNING] Error with Feature-Policy header: Unrecognized feature: 'battery'. @ :0
[    2087ms] [WARNING] Error with Feature-Policy header: Unrecognized origin: 'none'. @ :0
[    2087ms] [WARNING] Error with Feature-Policy header: Unrecognized origin: 'none'. @ :0
[    2087ms] [WARNING] Error with Feature-Policy header: Unrecognized feature: 'document-domain'. @ :0
[    2087ms] [WARNING] Error with Feature-Policy header: Unrecognized origin: 'none'. @ :0
[    2087ms] [WARNING] Error with Feature-Policy header: Unrecognized origin: 'none'. @ :0
[    2087ms] [WARNING] Error with Feature-Policy header: Unrecognized origin: 'none'. @ :0
[    2087ms] [WARNING] Error with Feature-Policy header: Unrecognized origin: 'none'. @ :0
[    2087ms] [WARNING] Error with Feature-Policy header: Unrecognized origin: 'none'. @ :0
[    2087ms] [WARNING] Error with Feature-Policy header: Unrecognized origin: 'none'. @ :0
[    2087ms] [WARNING] Error with Feature-Policy header: Unrecognized origin: 'none'. @ :0
[    2087ms] [WARNING] Error with Feature-Policy header: Unrecognized origin: 'none'. @ :0
[    2087ms] [WARNING] Error with Feature-Policy header: Unrecognized origin: 'none'. @ :0
[    2087ms] [WARNING] Error with Feature-Policy header: Unrecognized origin: 'none'. @ :0
[    2087ms] [WARNING] Error with Feature-Policy header: Unrecognized feature: 'wake-lock'. @ :0
[    2123ms] [WARNING] [GSI_LOGGER]: Message ignored due to invalid source. @ https://a-v2.sndcdn.com/assets/55-39063a42.js:107
[    2124ms] [WARNING] [GSI_LOGGER]: Your client application may not display Google One Tap when FedCM becomes mandatory. Opt-in to FedCM to test that you have the proper cross-origin permission policy set up. Ignore this message if One Tap is displayed after opt-in to FedCM. Learn more: (https://developers.google.com/identity/gsi/web/guides/fedcm-migration?s=dc#cross_origin) @ https://secure.sndcdn.com/one_tap-7ff85328e4d4bc66abd5.js:35
[    2124ms] [WARNING] [GSI_LOGGER]: Your client application uses one of the Google One Tap prompt UI status methods that may stop functioning when FedCM becomes mandatory. Refer to the migration guide to update your code accordingly and opt-in to FedCM to test your changes. Learn more: https://developers.google.com/identity/gsi/web/guides/fedcm-migration?s=dc#display_moment and https://developers.google.com/identity/gsi/web/guides/fedcm-migration?s=dc#skipped_moment @ https://secure.sndcdn.com/one_tap-7ff85328e4d4bc66abd5.js:35
[    2125ms] [WARNING] [GSI_LOGGER]: Message ignored due to invalid source. @ https://a-v2.sndcdn.com/assets/55-39063a42.js:107
[    2126ms] [WARNING] [GSI_LOGGER]: Message ignored due to invalid source. @ https://a-v2.sndcdn.com/assets/55-39063a42.js:107
[    2129ms] [ERROR] Not signed in with the identity provider. @ https://secure.soundcloud.com/one-tap?client_id=X2iyLRaFdot6PHiU6l7tTR8wRSTY0sFp&device_id=45975-438444-888249-210065&theme=dark&ui_evo=true&embedded_in_iframe=true&app_id=46941&tracking=local&redirect_uri=https%3A%2F%2Fsoundcloud.com%2Fsignin%2Fcallback&state=eyJjbGllbnRfaWQiOiJYMml5TFJhRmRvdDZQSGlVNmw3dFRSOHdSU1RZMHNGcCIsIm5vbmNlIjoiakZwOXVkNC56SUtsY2F5a3Z0ZE9xbHZwNFhPN01HSVkzYXR3Z0ZTWUp5MkpRdHcybWJSakFFRzlrc2ZXZVVqcyJ9&code_challenge=E47giIfhgaRKZ1u7ND5twbr4tL0DDQ8GA5rtF6Hw0AE&code_challenge_method=S256#start_url=https%3A%2F%2Fsoundcloud.com%2Fdeepdarkdangerous&start_view=sign_in&is_visible=false:0
[    2367ms] [WARNING] Error with Feature-Policy header: Unrecognized origin: 'none'. @ :0
[    2367ms] [WARNING] Error with Feature-Policy header: Unrecognized feature: 'ambient-light-sensor'. @ :0
[    2367ms] [WARNING] Error with Feature-Policy header: Unrecognized origin: 'none'. @ :0
[    2367ms] [WARNING] Error with Feature-Policy header: Unrecognized feature: 'battery'. @ :0
[    2367ms] [WARNING] Error with Feature-Policy header: Unrecognized origin: 'none'. @ :0
[    2367ms] [WARNING] Error with Feature-Policy header: Unrecognized origin: 'none'. @ :0
[    2367ms] [WARNING] Error with Feature-Policy header: Unrecognized feature: 'document-domain'. @ :0
[    2367ms] [WARNING] Error with Feature-Policy header: Unrecognized origin: 'none'. @ :0
[    2367ms] [WARNING] Error with Feature-Policy header: Unrecognized origin: 'none'. @ :0
[    2367ms] [WARNING] Error with Feature-Policy header: Unrecognized origin: 'none'. @ :0
[    2367ms] [WARNING] Error with Feature-Policy header: Unrecognized origin: 'none'. @ :0
[    2367ms] [WARNING] Error with Feature-Policy header: Unrecognized origin: 'none'. @ :0
[    2367ms] [WARNING] Error with Feature-Policy header: Unrecognized origin: 'none'. @ :0
[    2367ms] [WARNING] Error with Feature-Policy header: Unrecognized origin: 'none'. @ :0
[    2367ms] [WARNING] Error with Feature-Policy header: Unrecognized origin: 'none'. @ :0
[    2367ms] [WARNING] Error with Feature-Policy header: Unrecognized origin: 'none'. @ :0
[    2367ms] [WARNING] Error with Feature-Policy header: Unrecognized origin: 'none'. @ :0
[    2367ms] [WARNING] Error with Feature-Policy header: Unrecognized feature: 'wake-lock'. @ :0
[    2466ms] [LOG] 1. onMount started @ https://velvetcake.soundcloud.com/_app/immutable/nodes/2.ToAsDIKg.js:0
[    2941ms] [ERROR] Failed to load resource: the server responded with a status of 400 (Bad Request) @ https://api-auth.soundcloud.com/oauth/authorize?client_id=X2iyLRaFdot6PHiU6l7tTR8wRSTY0sFp:0
[    2976ms] [ERROR] Failed to load resource: net::ERR_NAME_NOT_RESOLVED @ https://d2g5n8b622dsn7.cloudfront.net/config/soundcloud:users:62392240:0
[    7220ms] [ERROR] [GSI_LOGGER]: FedCM get() rejects with NetworkError: Error retrieving a token. @ https://secure.sndcdn.com/one_tap-7ff85328e4d4bc66abd5.js:35
[    7223ms] [WARNING] [GSI_LOGGER]: Message ignored due to invalid source. @ https://a-v2.sndcdn.com/assets/55-39063a42.js:107
