[     673ms] [INFO] You like to look under the hood? Why not help us build the engine? https://soundcloud.com/jobs @ https://a-v2.sndcdn.com/assets/55-39063a42.js:40
[    1605ms] [LOG] prebid-load.js loaded successfully. @ https://a-v2.sndcdn.com/assets/55-39063a42.js:107
[    1635ms] [WARNING] [GPT] PubAdsService.disableInitialLoad is deprecated, use googletag.setConfig({disableInitialLoad: ...}) instead.
https://goo.gle/gpt-message#170 @ https://a-v2.sndcdn.com/assets/55-39063a42.js:107
[    1885ms] [LOG] %craven%c Raven v1.20.1-68jalx background-color:#000;margin-left:1px;padding:1px 3px;font-size:0.75em;color:#ffffff; font-size:0.9em; @ https://a-v2.sndcdn.com/assets/55-39063a42.js:107
[    2034ms] [WARNING] An iframe which has both allow-scripts and allow-same-origin for its sandbox attribute can escape its sandboxing. @ https://cadmus.script.ac/d24657ks8lvxjy/script.js:0
[    2051ms] [WARNING] An iframe which has both allow-scripts and allow-same-origin for its sandbox attribute can escape its sandboxing. @ https://cadmus.script.ac/d24657ks8lvxjy/script.js:0
[    2188ms] [WARNING] [GPT] Slot.getTargeting is deprecated, use Slot.getConfig('targeting') instead.
https://goo.gle/gpt-message#201 @ https://a-v2.sndcdn.com/assets/55-39063a42.js:107
[    2808ms] [WARNING] Error with Feature-Policy header: Unrecognized origin: 'none'. @ :0
[    2808ms] [WARNING] Error with Feature-Policy header: Unrecognized feature: 'ambient-light-sensor'. @ :0
[    2808ms] [WARNING] Error with Feature-Policy header: Unrecognized origin: 'none'. @ :0
[    2808ms] [WARNING] Error with Feature-Policy header: Unrecognized feature: 'battery'. @ :0
[    2808ms] [WARNING] Error with Feature-Policy header: Unrecognized origin: 'none'. @ :0
[    2808ms] [WARNING] Error with Feature-Policy header: Unrecognized origin: 'none'. @ :0
[    2808ms] [WARNING] Error with Feature-Policy header: Unrecognized feature: 'document-domain'. @ :0
[    2808ms] [WARNING] Error with Feature-Policy header: Unrecognized origin: 'none'. @ :0
[    2808ms] [WARNING] Error with Feature-Policy header: Unrecognized origin: 'none'. @ :0
[    2808ms] [WARNING] Error with Feature-Policy header: Unrecognized origin: 'none'. @ :0
[    2808ms] [WARNING] Error with Feature-Policy header: Unrecognized origin: 'none'. @ :0
[    2808ms] [WARNING] Error with Feature-Policy header: Unrecognized origin: 'none'. @ :0
[    2808ms] [WARNING] Error with Feature-Policy header: Unrecognized origin: 'none'. @ :0
[    2808ms] [WARNING] Error with Feature-Policy header: Unrecognized origin: 'none'. @ :0
[    2808ms] [WARNING] Error with Feature-Policy header: Unrecognized origin: 'none'. @ :0
[    2808ms] [WARNING] Error with Feature-Policy header: Unrecognized origin: 'none'. @ :0
[    2808ms] [WARNING] Error with Feature-Policy header: Unrecognized origin: 'none'. @ :0
[    2808ms] [WARNING] Error with Feature-Policy header: Unrecognized feature: 'wake-lock'. @ :0
[    3249ms] [ERROR] Failed to load resource: net::ERR_NAME_NOT_RESOLVED @ https://d2g5n8b622dsn7.cloudfront.net/config/soundcloud:users:813423889:0
[    3256ms] [LOG] 1. onMount started @ https://velvetcake.soundcloud.com/_app/immutable/nodes/2.ToAsDIKg.js:0
[    3948ms] [ERROR] Failed to load resource: the server responded with a status of 400 (Bad Request) @ https://api-auth.soundcloud.com/oauth/authorize?client_id=X2iyLRaFdot6PHiU6l7tTR8wRSTY0sFp:0
[    4102ms] [WARNING] Error with Feature-Policy header: Unrecognized origin: 'none'. @ :0
[    4102ms] [WARNING] Error with Feature-Policy header: Unrecognized feature: 'ambient-light-sensor'. @ :0
[    4102ms] [WARNING] Error with Feature-Policy header: Unrecognized origin: 'none'. @ :0
[    4102ms] [WARNING] Error with Feature-Policy header: Unrecognized feature: 'battery'. @ :0
[    4102ms] [WARNING] Error with Feature-Policy header: Unrecognized origin: 'none'. @ :0
[    4102ms] [WARNING] Error with Feature-Policy header: Unrecognized origin: 'none'. @ :0
[    4102ms] [WARNING] Error with Feature-Policy header: Unrecognized feature: 'document-domain'. @ :0
[    4102ms] [WARNING] Error with Feature-Policy header: Unrecognized origin: 'none'. @ :0
[    4102ms] [WARNING] Error with Feature-Policy header: Unrecognized origin: 'none'. @ :0
[    4102ms] [WARNING] Error with Feature-Policy header: Unrecognized origin: 'none'. @ :0
[    4102ms] [WARNING] Error with Feature-Policy header: Unrecognized origin: 'none'. @ :0
[    4102ms] [WARNING] Error with Feature-Policy header: Unrecognized origin: 'none'. @ :0
[    4102ms] [WARNING] Error with Feature-Policy header: Unrecognized origin: 'none'. @ :0
[    4102ms] [WARNING] Error with Feature-Policy header: Unrecognized origin: 'none'. @ :0
[    4102ms] [WARNING] Error with Feature-Policy header: Unrecognized origin: 'none'. @ :0
[    4102ms] [WARNING] Error with Feature-Policy header: Unrecognized origin: 'none'. @ :0
[    4102ms] [WARNING] Error with Feature-Policy header: Unrecognized origin: 'none'. @ :0
[    4102ms] [WARNING] Error with Feature-Policy header: Unrecognized feature: 'wake-lock'. @ :0
[    4296ms] [WARNING] [GSI_LOGGER]: Message ignored due to invalid source. @ https://a-v2.sndcdn.com/assets/55-39063a42.js:107
[    4298ms] [WARNING] [GSI_LOGGER]: Your client application may not display Google One Tap when FedCM becomes mandatory. Opt-in to FedCM to test that you have the proper cross-origin permission policy set up. Ignore this message if One Tap is displayed after opt-in to FedCM. Learn more: (https://developers.google.com/identity/gsi/web/guides/fedcm-migration?s=dc#cross_origin) @ https://accounts.google.com/gsi/intermediatesupport:86
[    4299ms] [WARNING] [GSI_LOGGER]: Your client application uses one of the Google One Tap prompt UI status methods that may stop functioning when FedCM becomes mandatory. Refer to the migration guide to update your code accordingly and opt-in to FedCM to test your changes. Learn more: https://developers.google.com/identity/gsi/web/guides/fedcm-migration?s=dc#display_moment and https://developers.google.com/identity/gsi/web/guides/fedcm-migration?s=dc#skipped_moment @ https://accounts.google.com/gsi/intermediatesupport:86
[    4301ms] [WARNING] [GSI_LOGGER]: Message ignored due to invalid source. @ https://a-v2.sndcdn.com/assets/55-39063a42.js:107
[    4301ms] [WARNING] [GSI_LOGGER]: Message ignored due to invalid source. @ https://a-v2.sndcdn.com/assets/55-39063a42.js:107
[    4406ms] [ERROR] Not signed in with the identity provider. @ https://secure.soundcloud.com/one-tap?client_id=X2iyLRaFdot6PHiU6l7tTR8wRSTY0sFp&device_id=45975-438444-888249-210065&theme=dark&ui_evo=true&embedded_in_iframe=true&app_id=46941&tracking=local&redirect_uri=https%3A%2F%2Fsoundcloud.com%2Fsignin%2Fcallback&state=eyJjbGllbnRfaWQiOiJYMml5TFJhRmRvdDZQSGlVNmw3dFRSOHdSU1RZMHNGcCIsIm5vbmNlIjoia0MtbVVJS1N5ZkRWajBDTWVTVjZ5MzVwen5jTzBhU1piai1Ia3FjeHNJaWU2N256ZE5jT0VobkJwWHRuaWJpVSJ9&code_challenge=q4L_X5gj7lXI6cEGCZ8GmvoglG4eFvqZEPtmodx6AnY&code_challenge_method=S256#start_url=https%3A%2F%2Fsoundcloud.com%2Fswomp&start_view=sign_in&is_visible=false:0
[   23012ms] [ERROR] [GSI_LOGGER]: FedCM get() rejects with NetworkError: Error retrieving a token. @ https://accounts.google.com/gsi/intermediatesupport:87
[   23013ms] [WARNING] [GSI_LOGGER]: Message ignored due to invalid source. @ https://a-v2.sndcdn.com/assets/55-39063a42.js:107
[   70129ms] [ERROR] Failed to load resource: the server responded with a status of 404 (Not Found) @ https://api-v2.soundcloud.com/resolve?url=https://soundcloud.com/detremusic&client_id=X2iyLRaFdot6PHiU6l7tTR8wRSTY0sFp:0
[   71382ms] [ERROR] Failed to load resource: the server responded with a status of 404 (Not Found) @ https://api-v2.soundcloud.com/resolve?url=https://soundcloud.com/blurrdvzn&client_id=X2iyLRaFdot6PHiU6l7tTR8wRSTY0sFp:0
