[     433ms] [INFO] You like to look under the hood? Why not help us build the engine? https://soundcloud.com/jobs @ https://a-v2.sndcdn.com/assets/55-39063a42.js:40
[     461ms] [LOG] prebid-load.js loaded successfully. @ https://a-v2.sndcdn.com/assets/55-39063a42.js:107
[     475ms] [WARNING] [GPT] PubAdsService.disableInitialLoad is deprecated, use googletag.setConfig({disableInitialLoad: ...}) instead.
https://goo.gle/gpt-message#170 @ https://a-v2.sndcdn.com/assets/55-39063a42.js:107
[     517ms] [LOG] %craven%c Raven v1.20.1-68jalx background-color:#000;margin-left:1px;padding:1px 3px;font-size:0.75em;color:#ffffff; font-size:0.9em; @ https://a-v2.sndcdn.com/assets/55-39063a42.js:107
[     962ms] [WARNING] [GPT] Slot.getTargetingKeys is deprecated, use Slot.getConfig('targeting') instead.
https://goo.gle/gpt-message#201 @ https://a-v2.sndcdn.com/assets/55-39063a42.js:107
[    1711ms] [WARNING] Error with Feature-Policy header: Unrecognized origin: 'none'. @ :0
[    1711ms] [WARNING] Error with Feature-Policy header: Unrecognized feature: 'ambient-light-sensor'. @ :0
[    1711ms] [WARNING] Error with Feature-Policy header: Unrecognized origin: 'none'. @ :0
[    1711ms] [WARNING] Error with Feature-Policy header: Unrecognized feature: 'battery'. @ :0
[    1711ms] [WARNING] Error with Feature-Policy header: Unrecognized origin: 'none'. @ :0
[    1711ms] [WARNING] Error with Feature-Policy header: Unrecognized origin: 'none'. @ :0
[    1711ms] [WARNING] Error with Feature-Policy header: Unrecognized feature: 'document-domain'. @ :0
[    1711ms] [WARNING] Error with Feature-Policy header: Unrecognized origin: 'none'. @ :0
[    1711ms] [WARNING] Error with Feature-Policy header: Unrecognized origin: 'none'. @ :0
[    1711ms] [WARNING] Error with Feature-Policy header: Unrecognized origin: 'none'. @ :0
[    1711ms] [WARNING] Error with Feature-Policy header: Unrecognized origin: 'none'. @ :0
[    1711ms] [WARNING] Error with Feature-Policy header: Unrecognized origin: 'none'. @ :0
[    1711ms] [WARNING] Error with Feature-Policy header: Unrecognized origin: 'none'. @ :0
[    1711ms] [WARNING] Error with Feature-Policy header: Unrecognized origin: 'none'. @ :0
[    1711ms] [WARNING] Error with Feature-Policy header: Unrecognized origin: 'none'. @ :0
[    1711ms] [WARNING] Error with Feature-Policy header: Unrecognized origin: 'none'. @ :0
[    1711ms] [WARNING] Error with Feature-Policy header: Unrecognized origin: 'none'. @ :0
[    1711ms] [WARNING] Error with Feature-Policy header: Unrecognized feature: 'wake-lock'. @ :0
[    1719ms] [WARNING] Error with Feature-Policy header: Unrecognized origin: 'none'. @ :0
[    1719ms] [WARNING] Error with Feature-Policy header: Unrecognized feature: 'ambient-light-sensor'. @ :0
[    1719ms] [WARNING] Error with Feature-Policy header: Unrecognized origin: 'none'. @ :0
[    1719ms] [WARNING] Error with Feature-Policy header: Unrecognized feature: 'battery'. @ :0
[    1719ms] [WARNING] Error with Feature-Policy header: Unrecognized origin: 'none'. @ :0
[    1719ms] [WARNING] Error with Feature-Policy header: Unrecognized origin: 'none'. @ :0
[    1719ms] [WARNING] Error with Feature-Policy header: Unrecognized feature: 'document-domain'. @ :0
[    1719ms] [WARNING] Error with Feature-Policy header: Unrecognized origin: 'none'. @ :0
[    1719ms] [WARNING] Error with Feature-Policy header: Unrecognized origin: 'none'. @ :0
[    1719ms] [WARNING] Error with Feature-Policy header: Unrecognized origin: 'none'. @ :0
[    1719ms] [WARNING] Error with Feature-Policy header: Unrecognized origin: 'none'. @ :0
[    1719ms] [WARNING] Error with Feature-Policy header: Unrecognized origin: 'none'. @ :0
[    1719ms] [WARNING] Error with Feature-Policy header: Unrecognized origin: 'none'. @ :0
[    1719ms] [WARNING] Error with Feature-Policy header: Unrecognized origin: 'none'. @ :0
[    1719ms] [WARNING] Error with Feature-Policy header: Unrecognized origin: 'none'. @ :0
[    1719ms] [WARNING] Error with Feature-Policy header: Unrecognized origin: 'none'. @ :0
[    1719ms] [WARNING] Error with Feature-Policy header: Unrecognized origin: 'none'. @ :0
[    1719ms] [WARNING] Error with Feature-Policy header: Unrecognized feature: 'wake-lock'. @ :0
[    1767ms] [WARNING] [GSI_LOGGER]: Message ignored due to invalid source. @ https://a-v2.sndcdn.com/assets/55-39063a42.js:107
[    1767ms] [WARNING] [GSI_LOGGER]: Your client application may not display Google One Tap when FedCM becomes mandatory. Opt-in to FedCM to test that you have the proper cross-origin permission policy set up. Ignore this message if One Tap is displayed after opt-in to FedCM. Learn more: (https://developers.google.com/identity/gsi/web/guides/fedcm-migration?s=dc#cross_origin) @ https://accounts.google.com/gsi/intermediatesupport:86
[    1767ms] [WARNING] [GSI_LOGGER]: Your client application uses one of the Google One Tap prompt UI status methods that may stop functioning when FedCM becomes mandatory. Refer to the migration guide to update your code accordingly and opt-in to FedCM to test your changes. Learn more: https://developers.google.com/identity/gsi/web/guides/fedcm-migration?s=dc#display_moment and https://developers.google.com/identity/gsi/web/guides/fedcm-migration?s=dc#skipped_moment @ https://accounts.google.com/gsi/intermediatesupport:86
[    1768ms] [WARNING] [GSI_LOGGER]: Message ignored due to invalid source. @ https://a-v2.sndcdn.com/assets/55-39063a42.js:107
[    1768ms] [WARNING] [GSI_LOGGER]: Message ignored due to invalid source. @ https://a-v2.sndcdn.com/assets/55-39063a42.js:107
[    1768ms] [ERROR] Not signed in with the identity provider. @ https://secure.soundcloud.com/one-tap?client_id=X2iyLRaFdot6PHiU6l7tTR8wRSTY0sFp&device_id=45975-438444-888249-210065&theme=dark&ui_evo=true&embedded_in_iframe=true&app_id=46941&tracking=local&redirect_uri=https%3A%2F%2Fsoundcloud.com%2Fsignin%2Fcallback&state=eyJjbGllbnRfaWQiOiJYMml5TFJhRmRvdDZQSGlVNmw3dFRSOHdSU1RZMHNGcCIsIm5vbmNlIjoiSWdJYVNOYWFCSGsuYVJBa0tNMk00dXlXZXlpSFVaTlgyRzVtSX5xSVc5ano1TWlZOGtkX3p1LmtlcXBFWUM4NyJ9&code_challenge=SjObLU2MZJx3ACw9VBr8Ta2vrJexW3E4-vNxCXYWydw&code_challenge_method=S256#start_url=https%3A%2F%2Fsoundcloud.com%2Ftrippybeerecords&start_view=sign_in&is_visible=false:0
[    1902ms] [ERROR] Failed to load resource: net::ERR_NAME_NOT_RESOLVED @ https://d2g5n8b622dsn7.cloudfront.net/config/soundcloud:users:1587243081:0
[    1936ms] [LOG] 1. onMount started @ https://velvetcake.soundcloud.com/_app/immutable/nodes/2.ToAsDIKg.js:0
[    2736ms] [ERROR] Failed to load resource: the server responded with a status of 400 (Bad Request) @ https://api-auth.soundcloud.com/oauth/authorize?client_id=X2iyLRaFdot6PHiU6l7tTR8wRSTY0sFp:0
[   17329ms] [ERROR] [GSI_LOGGER]: FedCM get() rejects with NetworkError: Error retrieving a token. @ https://accounts.google.com/gsi/intermediatesupport:87
[   17330ms] [WARNING] [GSI_LOGGER]: Message ignored due to invalid source. @ https://a-v2.sndcdn.com/assets/55-39063a42.js:107
